<!doctype html public "-//w3c//dtd html 4.0 transitional//en">
<html><head>
<title>Static Call Graph - [.\Objects\pro.axf]</title></head>
<body><HR>
<H1>Static Call Graph for image .\Objects\pro.axf</H1><HR>
<BR><P>#&#060CALLGRAPH&#062# ARM Linker, 6190004: Last Updated: Sun Aug  3 02:31:54 2025
<BR><P>
<H3>Maximum Stack Usage =        188 bytes + Unknown(Cycles, Untraceable Function Pointers)</H3><H3>
Call chain for Maximum Stack Depth:</H3>
main &rArr; hmi_task &rArr; Gui_DrawFont_GBK16 &rArr; Gui_DrawPoint &rArr; Lcd_SetRegion
<P>
<H3>
Mutually Recursive functions
</H3> <LI><a href="#[6]">NMI_Handler</a>&nbsp;&nbsp;&nbsp;&rArr;&nbsp;&nbsp;&nbsp;<a href="#[6]">NMI_Handler</a><BR>
 <LI><a href="#[7]">HardFault_Handler</a>&nbsp;&nbsp;&nbsp;&rArr;&nbsp;&nbsp;&nbsp;<a href="#[7]">HardFault_Handler</a><BR>
 <LI><a href="#[8]">SVC_Handler</a>&nbsp;&nbsp;&nbsp;&rArr;&nbsp;&nbsp;&nbsp;<a href="#[8]">SVC_Handler</a><BR>
 <LI><a href="#[9]">PendSV_Handler</a>&nbsp;&nbsp;&nbsp;&rArr;&nbsp;&nbsp;&nbsp;<a href="#[9]">PendSV_Handler</a><BR>
</UL>
<P>
<H3>
Function Pointers
</H3><UL>
 <LI><a href="#[f]">ADC0_IRQHandler</a> from startup_mspm0g350x_uvision.o(.text) referenced from startup_mspm0g350x_uvision.o(RESET)
 <LI><a href="#[10]">ADC1_IRQHandler</a> from startup_mspm0g350x_uvision.o(.text) referenced from startup_mspm0g350x_uvision.o(RESET)
 <LI><a href="#[20]">AES_IRQHandler</a> from startup_mspm0g350x_uvision.o(.text) referenced from startup_mspm0g350x_uvision.o(RESET)
 <LI><a href="#[11]">CANFD0_IRQHandler</a> from startup_mspm0g350x_uvision.o(.text) referenced from startup_mspm0g350x_uvision.o(RESET)
 <LI><a href="#[12]">DAC0_IRQHandler</a> from startup_mspm0g350x_uvision.o(.text) referenced from startup_mspm0g350x_uvision.o(RESET)
 <LI><a href="#[22]">DMA_IRQHandler</a> from startup_mspm0g350x_uvision.o(.text) referenced from startup_mspm0g350x_uvision.o(RESET)
 <LI><a href="#[b]">GROUP0_IRQHandler</a> from startup_mspm0g350x_uvision.o(.text) referenced from startup_mspm0g350x_uvision.o(RESET)
 <LI><a href="#[c]">GROUP1_IRQHandler</a> from motor.o(.text.GROUP1_IRQHandler) referenced from startup_mspm0g350x_uvision.o(RESET)
 <LI><a href="#[7]">HardFault_Handler</a> from startup_mspm0g350x_uvision.o(.text) referenced from startup_mspm0g350x_uvision.o(RESET)
 <LI><a href="#[1e]">I2C0_IRQHandler</a> from startup_mspm0g350x_uvision.o(.text) referenced from startup_mspm0g350x_uvision.o(RESET)
 <LI><a href="#[1f]">I2C1_IRQHandler</a> from startup_mspm0g350x_uvision.o(.text) referenced from startup_mspm0g350x_uvision.o(RESET)
 <LI><a href="#[6]">NMI_Handler</a> from startup_mspm0g350x_uvision.o(.text) referenced from startup_mspm0g350x_uvision.o(RESET)
 <LI><a href="#[9]">PendSV_Handler</a> from startup_mspm0g350x_uvision.o(.text) referenced from startup_mspm0g350x_uvision.o(RESET)
 <LI><a href="#[21]">RTC_IRQHandler</a> from startup_mspm0g350x_uvision.o(.text) referenced from startup_mspm0g350x_uvision.o(RESET)
 <LI><a href="#[5]">Reset_Handler</a> from startup_mspm0g350x_uvision.o(.text) referenced from startup_mspm0g350x_uvision.o(RESET)
 <LI><a href="#[13]">SPI0_IRQHandler</a> from startup_mspm0g350x_uvision.o(.text) referenced from startup_mspm0g350x_uvision.o(RESET)
 <LI><a href="#[14]">SPI1_IRQHandler</a> from startup_mspm0g350x_uvision.o(.text) referenced from startup_mspm0g350x_uvision.o(RESET)
 <LI><a href="#[8]">SVC_Handler</a> from startup_mspm0g350x_uvision.o(.text) referenced from startup_mspm0g350x_uvision.o(RESET)
 <LI><a href="#[a]">SysTick_Handler</a> from delay.o(.text.SysTick_Handler) referenced from startup_mspm0g350x_uvision.o(RESET)
 <LI><a href="#[1a]">TIMA0_IRQHandler</a> from motor.o(.text.TIMA0_IRQHandler) referenced from startup_mspm0g350x_uvision.o(RESET)
 <LI><a href="#[1b]">TIMA1_IRQHandler</a> from startup_mspm0g350x_uvision.o(.text) referenced from startup_mspm0g350x_uvision.o(RESET)
 <LI><a href="#[18]">TIMG0_IRQHandler</a> from startup_mspm0g350x_uvision.o(.text) referenced from startup_mspm0g350x_uvision.o(RESET)
 <LI><a href="#[1d]">TIMG12_IRQHandler</a> from startup_mspm0g350x_uvision.o(.text) referenced from startup_mspm0g350x_uvision.o(RESET)
 <LI><a href="#[19]">TIMG6_IRQHandler</a> from startup_mspm0g350x_uvision.o(.text) referenced from startup_mspm0g350x_uvision.o(RESET)
 <LI><a href="#[1c]">TIMG7_IRQHandler</a> from startup_mspm0g350x_uvision.o(.text) referenced from startup_mspm0g350x_uvision.o(RESET)
 <LI><a href="#[d]">TIMG8_IRQHandler</a> from startup_mspm0g350x_uvision.o(.text) referenced from startup_mspm0g350x_uvision.o(RESET)
 <LI><a href="#[17]">UART0_IRQHandler</a> from uart.o(.text.UART0_IRQHandler) referenced from startup_mspm0g350x_uvision.o(RESET)
 <LI><a href="#[15]">UART1_IRQHandler</a> from uart.o(.text.UART1_IRQHandler) referenced from startup_mspm0g350x_uvision.o(RESET)
 <LI><a href="#[16]">UART2_IRQHandler</a> from startup_mspm0g350x_uvision.o(.text) referenced from startup_mspm0g350x_uvision.o(RESET)
 <LI><a href="#[e]">UART3_IRQHandler</a> from startup_mspm0g350x_uvision.o(.text) referenced from startup_mspm0g350x_uvision.o(RESET)
 <LI><a href="#[24]">__main</a> from entry.o(.ARM.Collect$$$$00000000) referenced from startup_mspm0g350x_uvision.o(.text)
 <LI><a href="#[0]">_l_power</a> from motor.o(.text._l_power) referenced 2 times from motor.o(.data.car_instance)
 <LI><a href="#[1]">_r_power</a> from motor.o(.text._r_power) referenced 2 times from motor.o(.data.car_instance)
 <LI><a href="#[2]">_set_speed</a> from motor.o(.text._set_speed) referenced 2 times from motor.o(.data.car_instance)
 <LI><a href="#[28]">_sputc</a> from printf1.o(i._sputc) referenced from printf1.o(i.__0sprintf$1)
 <LI><a href="#[27]">abcd_task</a> from uart.o(.text.abcd_task) referenced from uart.o(.text.mine_uart_init)
 <LI><a href="#[26]">conf_task</a> from uart.o(.text.conf_task) referenced from uart.o(.text.mine_uart_init)
 <LI><a href="#[23]">main</a> from main.o(.text.main) referenced from entry9a.o(.ARM.Collect$$$$0000000B)
 <LI><a href="#[3]">test0</a> from lqx_btns_port.o(.text.test0) referenced 2 times from lqx_btns_port.o(.data.is_combination_trigger)
 <LI><a href="#[4]">test1</a> from lqx_btns_port.o(.text.test1) referenced 2 times from lqx_btns_port.o(.data.is_combination_trigger)
 <LI><a href="#[25]">test_task</a> from uart.o(.text.test_task) referenced from uart.o(.text.mine_uart_init)
</UL>
<P>
<H3>
Global Symbols
</H3>
<P><STRONG><a name="[24]"></a>__main</STRONG> (Thumb, 0 bytes, Stack size unknown bytes, entry.o(.ARM.Collect$$$$00000000))
<BR>[Address Reference Count : 1]<UL><LI> startup_mspm0g350x_uvision.o(.text)
</UL>
<P><STRONG><a name="[71]"></a>_main_stk</STRONG> (Thumb, 0 bytes, Stack size unknown bytes, entry2.o(.ARM.Collect$$$$00000001))

<P><STRONG><a name="[29]"></a>_main_scatterload</STRONG> (Thumb, 0 bytes, Stack size unknown bytes, entry5.o(.ARM.Collect$$$$00000004))
<BR><BR>[Calls]<UL><LI><a href="#[2a]">&gt;&gt;</a>&nbsp;&nbsp;&nbsp;__scatterload
</UL>

<P><STRONG><a name="[33]"></a>__main_after_scatterload</STRONG> (Thumb, 0 bytes, Stack size unknown bytes, entry5.o(.ARM.Collect$$$$00000004))
<BR><BR>[Called By]<UL><LI><a href="#[2a]">&gt;&gt;</a>&nbsp;&nbsp;&nbsp;__scatterload
</UL>

<P><STRONG><a name="[72]"></a>_main_clock</STRONG> (Thumb, 0 bytes, Stack size unknown bytes, entry7b.o(.ARM.Collect$$$$00000008))

<P><STRONG><a name="[73]"></a>_main_cpp_init</STRONG> (Thumb, 0 bytes, Stack size unknown bytes, entry8b.o(.ARM.Collect$$$$0000000A))

<P><STRONG><a name="[74]"></a>_main_init</STRONG> (Thumb, 0 bytes, Stack size unknown bytes, entry9a.o(.ARM.Collect$$$$0000000B))

<P><STRONG><a name="[75]"></a>__rt_final_cpp</STRONG> (Thumb, 0 bytes, Stack size unknown bytes, entry10a.o(.ARM.Collect$$$$0000000D))

<P><STRONG><a name="[76]"></a>__rt_final_exit</STRONG> (Thumb, 0 bytes, Stack size unknown bytes, entry11a.o(.ARM.Collect$$$$0000000F))

<P><STRONG><a name="[5]"></a>Reset_Handler</STRONG> (Thumb, 4 bytes, Stack size 0 bytes, startup_mspm0g350x_uvision.o(.text))
<BR>[Address Reference Count : 1]<UL><LI> startup_mspm0g350x_uvision.o(RESET)
</UL>
<P><STRONG><a name="[6]"></a>NMI_Handler</STRONG> (Thumb, 2 bytes, Stack size 0 bytes, startup_mspm0g350x_uvision.o(.text))
<BR><BR>[Calls]<UL><LI><a href="#[6]">&gt;&gt;</a>&nbsp;&nbsp;&nbsp;NMI_Handler
</UL>
<BR>[Called By]<UL><LI><a href="#[6]">&gt;&gt;</a>&nbsp;&nbsp;&nbsp;NMI_Handler
</UL>
<BR>[Address Reference Count : 1]<UL><LI> startup_mspm0g350x_uvision.o(RESET)
</UL>
<P><STRONG><a name="[7]"></a>HardFault_Handler</STRONG> (Thumb, 2 bytes, Stack size 0 bytes, startup_mspm0g350x_uvision.o(.text))
<BR><BR>[Calls]<UL><LI><a href="#[7]">&gt;&gt;</a>&nbsp;&nbsp;&nbsp;HardFault_Handler
</UL>
<BR>[Called By]<UL><LI><a href="#[7]">&gt;&gt;</a>&nbsp;&nbsp;&nbsp;HardFault_Handler
</UL>
<BR>[Address Reference Count : 1]<UL><LI> startup_mspm0g350x_uvision.o(RESET)
</UL>
<P><STRONG><a name="[8]"></a>SVC_Handler</STRONG> (Thumb, 2 bytes, Stack size 0 bytes, startup_mspm0g350x_uvision.o(.text))
<BR><BR>[Calls]<UL><LI><a href="#[8]">&gt;&gt;</a>&nbsp;&nbsp;&nbsp;SVC_Handler
</UL>
<BR>[Called By]<UL><LI><a href="#[8]">&gt;&gt;</a>&nbsp;&nbsp;&nbsp;SVC_Handler
</UL>
<BR>[Address Reference Count : 1]<UL><LI> startup_mspm0g350x_uvision.o(RESET)
</UL>
<P><STRONG><a name="[9]"></a>PendSV_Handler</STRONG> (Thumb, 2 bytes, Stack size 0 bytes, startup_mspm0g350x_uvision.o(.text))
<BR><BR>[Calls]<UL><LI><a href="#[9]">&gt;&gt;</a>&nbsp;&nbsp;&nbsp;PendSV_Handler
</UL>
<BR>[Called By]<UL><LI><a href="#[9]">&gt;&gt;</a>&nbsp;&nbsp;&nbsp;PendSV_Handler
</UL>
<BR>[Address Reference Count : 1]<UL><LI> startup_mspm0g350x_uvision.o(RESET)
</UL>
<P><STRONG><a name="[f]"></a>ADC0_IRQHandler</STRONG> (Thumb, 0 bytes, Stack size 0 bytes, startup_mspm0g350x_uvision.o(.text))
<BR>[Address Reference Count : 1]<UL><LI> startup_mspm0g350x_uvision.o(RESET)
</UL>
<P><STRONG><a name="[10]"></a>ADC1_IRQHandler</STRONG> (Thumb, 0 bytes, Stack size 0 bytes, startup_mspm0g350x_uvision.o(.text))
<BR>[Address Reference Count : 1]<UL><LI> startup_mspm0g350x_uvision.o(RESET)
</UL>
<P><STRONG><a name="[20]"></a>AES_IRQHandler</STRONG> (Thumb, 0 bytes, Stack size 0 bytes, startup_mspm0g350x_uvision.o(.text))
<BR>[Address Reference Count : 1]<UL><LI> startup_mspm0g350x_uvision.o(RESET)
</UL>
<P><STRONG><a name="[11]"></a>CANFD0_IRQHandler</STRONG> (Thumb, 0 bytes, Stack size 0 bytes, startup_mspm0g350x_uvision.o(.text))
<BR>[Address Reference Count : 1]<UL><LI> startup_mspm0g350x_uvision.o(RESET)
</UL>
<P><STRONG><a name="[12]"></a>DAC0_IRQHandler</STRONG> (Thumb, 0 bytes, Stack size 0 bytes, startup_mspm0g350x_uvision.o(.text))
<BR>[Address Reference Count : 1]<UL><LI> startup_mspm0g350x_uvision.o(RESET)
</UL>
<P><STRONG><a name="[22]"></a>DMA_IRQHandler</STRONG> (Thumb, 0 bytes, Stack size 0 bytes, startup_mspm0g350x_uvision.o(.text))
<BR>[Address Reference Count : 1]<UL><LI> startup_mspm0g350x_uvision.o(RESET)
</UL>
<P><STRONG><a name="[2b]"></a>Default_Handler</STRONG> (Thumb, 2 bytes, Stack size 0 bytes, startup_mspm0g350x_uvision.o(.text), UNUSED)
<BR><BR>[Calls]<UL><LI><a href="#[2b]">&gt;&gt;</a>&nbsp;&nbsp;&nbsp;Default_Handler
</UL>
<BR>[Called By]<UL><LI><a href="#[2b]">&gt;&gt;</a>&nbsp;&nbsp;&nbsp;Default_Handler
</UL>

<P><STRONG><a name="[b]"></a>GROUP0_IRQHandler</STRONG> (Thumb, 0 bytes, Stack size 0 bytes, startup_mspm0g350x_uvision.o(.text))
<BR>[Address Reference Count : 1]<UL><LI> startup_mspm0g350x_uvision.o(RESET)
</UL>
<P><STRONG><a name="[1e]"></a>I2C0_IRQHandler</STRONG> (Thumb, 0 bytes, Stack size 0 bytes, startup_mspm0g350x_uvision.o(.text))
<BR>[Address Reference Count : 1]<UL><LI> startup_mspm0g350x_uvision.o(RESET)
</UL>
<P><STRONG><a name="[1f]"></a>I2C1_IRQHandler</STRONG> (Thumb, 0 bytes, Stack size 0 bytes, startup_mspm0g350x_uvision.o(.text))
<BR>[Address Reference Count : 1]<UL><LI> startup_mspm0g350x_uvision.o(RESET)
</UL>
<P><STRONG><a name="[21]"></a>RTC_IRQHandler</STRONG> (Thumb, 0 bytes, Stack size 0 bytes, startup_mspm0g350x_uvision.o(.text))
<BR>[Address Reference Count : 1]<UL><LI> startup_mspm0g350x_uvision.o(RESET)
</UL>
<P><STRONG><a name="[13]"></a>SPI0_IRQHandler</STRONG> (Thumb, 0 bytes, Stack size 0 bytes, startup_mspm0g350x_uvision.o(.text))
<BR>[Address Reference Count : 1]<UL><LI> startup_mspm0g350x_uvision.o(RESET)
</UL>
<P><STRONG><a name="[14]"></a>SPI1_IRQHandler</STRONG> (Thumb, 0 bytes, Stack size 0 bytes, startup_mspm0g350x_uvision.o(.text))
<BR>[Address Reference Count : 1]<UL><LI> startup_mspm0g350x_uvision.o(RESET)
</UL>
<P><STRONG><a name="[1b]"></a>TIMA1_IRQHandler</STRONG> (Thumb, 0 bytes, Stack size 0 bytes, startup_mspm0g350x_uvision.o(.text))
<BR>[Address Reference Count : 1]<UL><LI> startup_mspm0g350x_uvision.o(RESET)
</UL>
<P><STRONG><a name="[18]"></a>TIMG0_IRQHandler</STRONG> (Thumb, 0 bytes, Stack size 0 bytes, startup_mspm0g350x_uvision.o(.text))
<BR>[Address Reference Count : 1]<UL><LI> startup_mspm0g350x_uvision.o(RESET)
</UL>
<P><STRONG><a name="[1d]"></a>TIMG12_IRQHandler</STRONG> (Thumb, 0 bytes, Stack size 0 bytes, startup_mspm0g350x_uvision.o(.text))
<BR>[Address Reference Count : 1]<UL><LI> startup_mspm0g350x_uvision.o(RESET)
</UL>
<P><STRONG><a name="[19]"></a>TIMG6_IRQHandler</STRONG> (Thumb, 0 bytes, Stack size 0 bytes, startup_mspm0g350x_uvision.o(.text))
<BR>[Address Reference Count : 1]<UL><LI> startup_mspm0g350x_uvision.o(RESET)
</UL>
<P><STRONG><a name="[1c]"></a>TIMG7_IRQHandler</STRONG> (Thumb, 0 bytes, Stack size 0 bytes, startup_mspm0g350x_uvision.o(.text))
<BR>[Address Reference Count : 1]<UL><LI> startup_mspm0g350x_uvision.o(RESET)
</UL>
<P><STRONG><a name="[d]"></a>TIMG8_IRQHandler</STRONG> (Thumb, 0 bytes, Stack size 0 bytes, startup_mspm0g350x_uvision.o(.text))
<BR>[Address Reference Count : 1]<UL><LI> startup_mspm0g350x_uvision.o(RESET)
</UL>
<P><STRONG><a name="[16]"></a>UART2_IRQHandler</STRONG> (Thumb, 0 bytes, Stack size 0 bytes, startup_mspm0g350x_uvision.o(.text))
<BR>[Address Reference Count : 1]<UL><LI> startup_mspm0g350x_uvision.o(RESET)
</UL>
<P><STRONG><a name="[e]"></a>UART3_IRQHandler</STRONG> (Thumb, 0 bytes, Stack size 0 bytes, startup_mspm0g350x_uvision.o(.text))
<BR>[Address Reference Count : 1]<UL><LI> startup_mspm0g350x_uvision.o(RESET)
</UL>
<P><STRONG><a name="[2c]"></a>__aeabi_fadd</STRONG> (Thumb, 162 bytes, Stack size 24 bytes, fadd.o(.text))
<BR><BR>[Stack]<UL><LI>Max Depth = 36<LI>Call Chain = __aeabi_fadd &rArr; _float_epilogue
</UL>
<BR>[Calls]<UL><LI><a href="#[2e]">&gt;&gt;</a>&nbsp;&nbsp;&nbsp;_float_round
<LI><a href="#[2d]">&gt;&gt;</a>&nbsp;&nbsp;&nbsp;_float_epilogue
</UL>
<BR>[Called By]<UL><LI><a href="#[1a]">&gt;&gt;</a>&nbsp;&nbsp;&nbsp;TIMA0_IRQHandler
<LI><a href="#[2f]">&gt;&gt;</a>&nbsp;&nbsp;&nbsp;__aeabi_fsub
<LI><a href="#[58]">&gt;&gt;</a>&nbsp;&nbsp;&nbsp;pid_control
<LI><a href="#[30]">&gt;&gt;</a>&nbsp;&nbsp;&nbsp;__aeabi_frsub
</UL>

<P><STRONG><a name="[2f]"></a>__aeabi_fsub</STRONG> (Thumb, 8 bytes, Stack size 0 bytes, fadd.o(.text))
<BR><BR>[Stack]<UL><LI>Max Depth = 36<LI>Call Chain = __aeabi_fsub &rArr; __aeabi_fadd &rArr; _float_epilogue
</UL>
<BR>[Calls]<UL><LI><a href="#[2c]">&gt;&gt;</a>&nbsp;&nbsp;&nbsp;__aeabi_fadd
</UL>
<BR>[Called By]<UL><LI><a href="#[1a]">&gt;&gt;</a>&nbsp;&nbsp;&nbsp;TIMA0_IRQHandler
<LI><a href="#[58]">&gt;&gt;</a>&nbsp;&nbsp;&nbsp;pid_control
</UL>

<P><STRONG><a name="[30]"></a>__aeabi_frsub</STRONG> (Thumb, 8 bytes, Stack size 0 bytes, fadd.o(.text), UNUSED)
<BR><BR>[Calls]<UL><LI><a href="#[2c]">&gt;&gt;</a>&nbsp;&nbsp;&nbsp;__aeabi_fadd
</UL>

<P><STRONG><a name="[55]"></a>__aeabi_fmul</STRONG> (Thumb, 122 bytes, Stack size 16 bytes, fmul.o(.text))
<BR><BR>[Stack]<UL><LI>Max Depth = 16<LI>Call Chain = __aeabi_fmul
</UL>
<BR>[Called By]<UL><LI><a href="#[1a]">&gt;&gt;</a>&nbsp;&nbsp;&nbsp;TIMA0_IRQHandler
<LI><a href="#[58]">&gt;&gt;</a>&nbsp;&nbsp;&nbsp;pid_control
</UL>

<P><STRONG><a name="[31]"></a>__aeabi_fdiv</STRONG> (Thumb, 124 bytes, Stack size 16 bytes, fdiv.o(.text))
<BR><BR>[Stack]<UL><LI>Max Depth = 16<LI>Call Chain = __aeabi_fdiv
</UL>
<BR>[Calls]<UL><LI><a href="#[2e]">&gt;&gt;</a>&nbsp;&nbsp;&nbsp;_float_round
</UL>
<BR>[Called By]<UL><LI><a href="#[1a]">&gt;&gt;</a>&nbsp;&nbsp;&nbsp;TIMA0_IRQHandler
</UL>

<P><STRONG><a name="[6a]"></a>__aeabi_fcmple</STRONG> (Thumb, 28 bytes, Stack size 0 bytes, fcmple.o(.text))
<BR><BR>[Called By]<UL><LI><a href="#[58]">&gt;&gt;</a>&nbsp;&nbsp;&nbsp;pid_control
</UL>

<P><STRONG><a name="[68]"></a>__aeabi_fcmplt</STRONG> (Thumb, 28 bytes, Stack size 0 bytes, fcmplt.o(.text))
<BR><BR>[Called By]<UL><LI><a href="#[58]">&gt;&gt;</a>&nbsp;&nbsp;&nbsp;pid_control
</UL>

<P><STRONG><a name="[6b]"></a>__aeabi_fcmpge</STRONG> (Thumb, 28 bytes, Stack size 0 bytes, fcmpge.o(.text))
<BR><BR>[Called By]<UL><LI><a href="#[58]">&gt;&gt;</a>&nbsp;&nbsp;&nbsp;pid_control
</UL>

<P><STRONG><a name="[6c]"></a>__aeabi_fcmpgt</STRONG> (Thumb, 28 bytes, Stack size 0 bytes, fcmpgt.o(.text))
<BR><BR>[Called By]<UL><LI><a href="#[58]">&gt;&gt;</a>&nbsp;&nbsp;&nbsp;pid_control
</UL>

<P><STRONG><a name="[69]"></a>__aeabi_fcmpeq</STRONG> (Thumb, 28 bytes, Stack size 0 bytes, fcmpeq.o(.text))
<BR><BR>[Called By]<UL><LI><a href="#[58]">&gt;&gt;</a>&nbsp;&nbsp;&nbsp;pid_control
</UL>

<P><STRONG><a name="[32]"></a>__aeabi_i2f</STRONG> (Thumb, 22 bytes, Stack size 8 bytes, fflti.o(.text))
<BR><BR>[Stack]<UL><LI>Max Depth = 20<LI>Call Chain = __aeabi_i2f &rArr; _float_epilogue
</UL>
<BR>[Calls]<UL><LI><a href="#[2d]">&gt;&gt;</a>&nbsp;&nbsp;&nbsp;_float_epilogue
</UL>
<BR>[Called By]<UL><LI><a href="#[1a]">&gt;&gt;</a>&nbsp;&nbsp;&nbsp;TIMA0_IRQHandler
</UL>

<P><STRONG><a name="[5a]"></a>__aeabi_f2iz</STRONG> (Thumb, 50 bytes, Stack size 0 bytes, ffixi.o(.text))
<BR><BR>[Called By]<UL><LI><a href="#[1a]">&gt;&gt;</a>&nbsp;&nbsp;&nbsp;TIMA0_IRQHandler
</UL>

<P><STRONG><a name="[77]"></a>__aeabi_uidiv</STRONG> (Thumb, 0 bytes, Stack size 16 bytes, uidiv_div0.o(.text), UNUSED)

<P><STRONG><a name="[6f]"></a>__aeabi_uidivmod</STRONG> (Thumb, 62 bytes, Stack size 16 bytes, uidiv_div0.o(.text), UNUSED)
<BR><BR>[Called By]<UL><LI><a href="#[6e]">&gt;&gt;</a>&nbsp;&nbsp;&nbsp;_printf_core
</UL>

<P><STRONG><a name="[78]"></a>__I$use$fp</STRONG> (Thumb, 0 bytes, Stack size 0 bytes, iusefp.o(.text), UNUSED)

<P><STRONG><a name="[2e]"></a>_float_round</STRONG> (Thumb, 16 bytes, Stack size 0 bytes, fepilogue.o(.text))
<BR><BR>[Called By]<UL><LI><a href="#[31]">&gt;&gt;</a>&nbsp;&nbsp;&nbsp;__aeabi_fdiv
<LI><a href="#[2c]">&gt;&gt;</a>&nbsp;&nbsp;&nbsp;__aeabi_fadd
</UL>

<P><STRONG><a name="[2d]"></a>_float_epilogue</STRONG> (Thumb, 114 bytes, Stack size 12 bytes, fepilogue.o(.text))
<BR><BR>[Stack]<UL><LI>Max Depth = 12<LI>Call Chain = _float_epilogue
</UL>
<BR>[Called By]<UL><LI><a href="#[32]">&gt;&gt;</a>&nbsp;&nbsp;&nbsp;__aeabi_i2f
<LI><a href="#[2c]">&gt;&gt;</a>&nbsp;&nbsp;&nbsp;__aeabi_fadd
</UL>

<P><STRONG><a name="[2a]"></a>__scatterload</STRONG> (Thumb, 28 bytes, Stack size 0 bytes, init.o(.text))
<BR><BR>[Calls]<UL><LI><a href="#[33]">&gt;&gt;</a>&nbsp;&nbsp;&nbsp;__main_after_scatterload
</UL>
<BR>[Called By]<UL><LI><a href="#[29]">&gt;&gt;</a>&nbsp;&nbsp;&nbsp;_main_scatterload
</UL>

<P><STRONG><a name="[79]"></a>__scatterload_rt2</STRONG> (Thumb, 0 bytes, Stack size 0 bytes, init.o(.text), UNUSED)

<P><STRONG><a name="[7a]"></a>__decompress</STRONG> (Thumb, 0 bytes, Stack size unknown bytes, __dczerorl2.o(.text), UNUSED)

<P><STRONG><a name="[7b]"></a>__decompress1</STRONG> (Thumb, 86 bytes, Stack size unknown bytes, __dczerorl2.o(.text), UNUSED)

<P><STRONG><a name="[3a]"></a>DL_ADC12_setClockConfig</STRONG> (Thumb, 56 bytes, Stack size 16 bytes, dl_adc12.o(.text.DL_ADC12_setClockConfig))
<BR><BR>[Stack]<UL><LI>Max Depth = 16<LI>Call Chain = DL_ADC12_setClockConfig
</UL>
<BR>[Called By]<UL><LI><a href="#[39]">&gt;&gt;</a>&nbsp;&nbsp;&nbsp;SYSCFG_DL_ADC12_0_init
</UL>

<P><STRONG><a name="[52]"></a>DL_Common_delayCycles</STRONG> (Thumb, 10 bytes, Stack size 0 bytes, dl_common.o(.text.DL_Common_delayCycles))
<BR><BR>[Called By]<UL><LI><a href="#[4f]">&gt;&gt;</a>&nbsp;&nbsp;&nbsp;SYSCFG_DL_initPower
</UL>

<P><STRONG><a name="[44]"></a>DL_SYSCTL_configSYSPLL</STRONG> (Thumb, 180 bytes, Stack size 36 bytes, dl_sysctl_mspm0g1x0x_g3x0x.o(.text.DL_SYSCTL_configSYSPLL))
<BR><BR>[Stack]<UL><LI>Max Depth = 36<LI>Call Chain = DL_SYSCTL_configSYSPLL
</UL>
<BR>[Called By]<UL><LI><a href="#[42]">&gt;&gt;</a>&nbsp;&nbsp;&nbsp;SYSCFG_DL_SYSCTL_init
</UL>

<P><STRONG><a name="[43]"></a>DL_SYSCTL_setHFCLKSourceHFXTParams</STRONG> (Thumb, 76 bytes, Stack size 20 bytes, dl_sysctl_mspm0g1x0x_g3x0x.o(.text.DL_SYSCTL_setHFCLKSourceHFXTParams))
<BR><BR>[Stack]<UL><LI>Max Depth = 20<LI>Call Chain = DL_SYSCTL_setHFCLKSourceHFXTParams
</UL>
<BR>[Called By]<UL><LI><a href="#[42]">&gt;&gt;</a>&nbsp;&nbsp;&nbsp;SYSCFG_DL_SYSCTL_init
</UL>

<P><STRONG><a name="[45]"></a>DL_SYSCTL_switchMCLKfromSYSOSCtoHSCLK</STRONG> (Thumb, 32 bytes, Stack size 0 bytes, dl_sysctl_mspm0g1x0x_g3x0x.o(.text.DL_SYSCTL_switchMCLKfromSYSOSCtoHSCLK))
<BR><BR>[Called By]<UL><LI><a href="#[42]">&gt;&gt;</a>&nbsp;&nbsp;&nbsp;SYSCFG_DL_SYSCTL_init
</UL>

<P><STRONG><a name="[3d]"></a>DL_Timer_initFourCCPWMMode</STRONG> (Thumb, 244 bytes, Stack size 20 bytes, dl_timer.o(.text.DL_Timer_initFourCCPWMMode))
<BR><BR>[Stack]<UL><LI>Max Depth = 20<LI>Call Chain = DL_Timer_initFourCCPWMMode
</UL>
<BR>[Called By]<UL><LI><a href="#[3b]">&gt;&gt;</a>&nbsp;&nbsp;&nbsp;SYSCFG_DL_PWM_l_init
</UL>

<P><STRONG><a name="[4d]"></a>DL_Timer_initTimerMode</STRONG> (Thumb, 220 bytes, Stack size 16 bytes, dl_timer.o(.text.DL_Timer_initTimerMode))
<BR><BR>[Stack]<UL><LI>Max Depth = 16<LI>Call Chain = DL_Timer_initTimerMode
</UL>
<BR>[Called By]<UL><LI><a href="#[4c]">&gt;&gt;</a>&nbsp;&nbsp;&nbsp;SYSCFG_DL_encoder_init
</UL>

<P><STRONG><a name="[3f]"></a>DL_Timer_setCaptCompUpdateMethod</STRONG> (Thumb, 24 bytes, Stack size 8 bytes, dl_timer.o(.text.DL_Timer_setCaptCompUpdateMethod))
<BR><BR>[Stack]<UL><LI>Max Depth = 8<LI>Call Chain = DL_Timer_setCaptCompUpdateMethod
</UL>
<BR>[Called By]<UL><LI><a href="#[3b]">&gt;&gt;</a>&nbsp;&nbsp;&nbsp;SYSCFG_DL_PWM_l_init
</UL>

<P><STRONG><a name="[3e]"></a>DL_Timer_setCaptureCompareOutCtl</STRONG> (Thumb, 20 bytes, Stack size 8 bytes, dl_timer.o(.text.DL_Timer_setCaptureCompareOutCtl))
<BR><BR>[Stack]<UL><LI>Max Depth = 8<LI>Call Chain = DL_Timer_setCaptureCompareOutCtl
</UL>
<BR>[Called By]<UL><LI><a href="#[3b]">&gt;&gt;</a>&nbsp;&nbsp;&nbsp;SYSCFG_DL_PWM_l_init
</UL>

<P><STRONG><a name="[40]"></a>DL_Timer_setCaptureCompareValue</STRONG> (Thumb, 12 bytes, Stack size 0 bytes, dl_timer.o(.text.DL_Timer_setCaptureCompareValue))
<BR><BR>[Called By]<UL><LI><a href="#[1]">&gt;&gt;</a>&nbsp;&nbsp;&nbsp;_r_power
<LI><a href="#[0]">&gt;&gt;</a>&nbsp;&nbsp;&nbsp;_l_power
<LI><a href="#[3b]">&gt;&gt;</a>&nbsp;&nbsp;&nbsp;SYSCFG_DL_PWM_l_init
</UL>

<P><STRONG><a name="[3c]"></a>DL_Timer_setClockConfig</STRONG> (Thumb, 24 bytes, Stack size 8 bytes, dl_timer.o(.text.DL_Timer_setClockConfig))
<BR><BR>[Stack]<UL><LI>Max Depth = 8<LI>Call Chain = DL_Timer_setClockConfig
</UL>
<BR>[Called By]<UL><LI><a href="#[4c]">&gt;&gt;</a>&nbsp;&nbsp;&nbsp;SYSCFG_DL_encoder_init
<LI><a href="#[41]">&gt;&gt;</a>&nbsp;&nbsp;&nbsp;SYSCFG_DL_QEI_0_init
<LI><a href="#[3b]">&gt;&gt;</a>&nbsp;&nbsp;&nbsp;SYSCFG_DL_PWM_l_init
</UL>

<P><STRONG><a name="[48]"></a>DL_UART_init</STRONG> (Thumb, 64 bytes, Stack size 16 bytes, dl_uart.o(.text.DL_UART_init))
<BR><BR>[Stack]<UL><LI>Max Depth = 16<LI>Call Chain = DL_UART_init
</UL>
<BR>[Called By]<UL><LI><a href="#[4b]">&gt;&gt;</a>&nbsp;&nbsp;&nbsp;SYSCFG_DL_UART_3_init
<LI><a href="#[4a]">&gt;&gt;</a>&nbsp;&nbsp;&nbsp;SYSCFG_DL_UART_2_init
<LI><a href="#[49]">&gt;&gt;</a>&nbsp;&nbsp;&nbsp;SYSCFG_DL_UART_1_init
<LI><a href="#[46]">&gt;&gt;</a>&nbsp;&nbsp;&nbsp;SYSCFG_DL_UART_0_init
</UL>

<P><STRONG><a name="[47]"></a>DL_UART_setClockConfig</STRONG> (Thumb, 18 bytes, Stack size 8 bytes, dl_uart.o(.text.DL_UART_setClockConfig))
<BR><BR>[Stack]<UL><LI>Max Depth = 8<LI>Call Chain = DL_UART_setClockConfig
</UL>
<BR>[Called By]<UL><LI><a href="#[4b]">&gt;&gt;</a>&nbsp;&nbsp;&nbsp;SYSCFG_DL_UART_3_init
<LI><a href="#[4a]">&gt;&gt;</a>&nbsp;&nbsp;&nbsp;SYSCFG_DL_UART_2_init
<LI><a href="#[49]">&gt;&gt;</a>&nbsp;&nbsp;&nbsp;SYSCFG_DL_UART_1_init
<LI><a href="#[46]">&gt;&gt;</a>&nbsp;&nbsp;&nbsp;SYSCFG_DL_UART_0_init
</UL>

<P><STRONG><a name="[c]"></a>GROUP1_IRQHandler</STRONG> (Thumb, 60 bytes, Stack size 0 bytes, motor.o(.text.GROUP1_IRQHandler))
<BR>[Address Reference Count : 1]<UL><LI> startup_mspm0g350x_uvision.o(RESET)
</UL>
<P><STRONG><a name="[34]"></a>Gui_DrawFont_GBK16</STRONG> (Thumb, 376 bytes, Stack size 64 bytes, gui.o(.text.Gui_DrawFont_GBK16))
<BR><BR>[Stack]<UL><LI>Max Depth = 124<LI>Call Chain = Gui_DrawFont_GBK16 &rArr; Gui_DrawPoint &rArr; Lcd_SetRegion
</UL>
<BR>[Calls]<UL><LI><a href="#[35]">&gt;&gt;</a>&nbsp;&nbsp;&nbsp;Gui_DrawPoint
</UL>
<BR>[Called By]<UL><LI><a href="#[5e]">&gt;&gt;</a>&nbsp;&nbsp;&nbsp;hmi_task
</UL>

<P><STRONG><a name="[35]"></a>Gui_DrawPoint</STRONG> (Thumb, 100 bytes, Stack size 24 bytes, lcd_driver.o(.text.Gui_DrawPoint))
<BR><BR>[Stack]<UL><LI>Max Depth = 60<LI>Call Chain = Gui_DrawPoint &rArr; Lcd_SetRegion
</UL>
<BR>[Calls]<UL><LI><a href="#[36]">&gt;&gt;</a>&nbsp;&nbsp;&nbsp;Lcd_SetRegion
</UL>
<BR>[Called By]<UL><LI><a href="#[34]">&gt;&gt;</a>&nbsp;&nbsp;&nbsp;Gui_DrawFont_GBK16
</UL>

<P><STRONG><a name="[37]"></a>Lcd_Init</STRONG> (Thumb, 3172 bytes, Stack size 32 bytes, lcd_driver.o(.text.Lcd_Init))
<BR><BR>[Stack]<UL><LI>Max Depth = 68<LI>Call Chain = Lcd_Init &rArr; Lcd_SetRegion
</UL>
<BR>[Calls]<UL><LI><a href="#[36]">&gt;&gt;</a>&nbsp;&nbsp;&nbsp;Lcd_SetRegion
<LI><a href="#[38]">&gt;&gt;</a>&nbsp;&nbsp;&nbsp;delay_ms
</UL>
<BR>[Called By]<UL><LI><a href="#[23]">&gt;&gt;</a>&nbsp;&nbsp;&nbsp;main
</UL>

<P><STRONG><a name="[36]"></a>Lcd_SetRegion</STRONG> (Thumb, 372 bytes, Stack size 36 bytes, lcd_driver.o(.text.Lcd_SetRegion))
<BR><BR>[Stack]<UL><LI>Max Depth = 36<LI>Call Chain = Lcd_SetRegion
</UL>
<BR>[Called By]<UL><LI><a href="#[35]">&gt;&gt;</a>&nbsp;&nbsp;&nbsp;Gui_DrawPoint
<LI><a href="#[37]">&gt;&gt;</a>&nbsp;&nbsp;&nbsp;Lcd_Init
</UL>

<P><STRONG><a name="[39]"></a>SYSCFG_DL_ADC12_0_init</STRONG> (Thumb, 60 bytes, Stack size 8 bytes, ti_msp_dl_config.o(.text.SYSCFG_DL_ADC12_0_init))
<BR><BR>[Stack]<UL><LI>Max Depth = 24<LI>Call Chain = SYSCFG_DL_ADC12_0_init &rArr; DL_ADC12_setClockConfig
</UL>
<BR>[Calls]<UL><LI><a href="#[3a]">&gt;&gt;</a>&nbsp;&nbsp;&nbsp;DL_ADC12_setClockConfig
</UL>
<BR>[Called By]<UL><LI><a href="#[4e]">&gt;&gt;</a>&nbsp;&nbsp;&nbsp;SYSCFG_DL_init
</UL>

<P><STRONG><a name="[50]"></a>SYSCFG_DL_GPIO_init</STRONG> (Thumb, 164 bytes, Stack size 8 bytes, ti_msp_dl_config.o(.text.SYSCFG_DL_GPIO_init))
<BR><BR>[Stack]<UL><LI>Max Depth = 8<LI>Call Chain = SYSCFG_DL_GPIO_init
</UL>
<BR>[Called By]<UL><LI><a href="#[4e]">&gt;&gt;</a>&nbsp;&nbsp;&nbsp;SYSCFG_DL_init
</UL>

<P><STRONG><a name="[3b]"></a>SYSCFG_DL_PWM_l_init</STRONG> (Thumb, 124 bytes, Stack size 24 bytes, ti_msp_dl_config.o(.text.SYSCFG_DL_PWM_l_init))
<BR><BR>[Stack]<UL><LI>Max Depth = 44<LI>Call Chain = SYSCFG_DL_PWM_l_init &rArr; DL_Timer_initFourCCPWMMode
</UL>
<BR>[Calls]<UL><LI><a href="#[3d]">&gt;&gt;</a>&nbsp;&nbsp;&nbsp;DL_Timer_initFourCCPWMMode
<LI><a href="#[3e]">&gt;&gt;</a>&nbsp;&nbsp;&nbsp;DL_Timer_setCaptureCompareOutCtl
<LI><a href="#[3f]">&gt;&gt;</a>&nbsp;&nbsp;&nbsp;DL_Timer_setCaptCompUpdateMethod
<LI><a href="#[40]">&gt;&gt;</a>&nbsp;&nbsp;&nbsp;DL_Timer_setCaptureCompareValue
<LI><a href="#[3c]">&gt;&gt;</a>&nbsp;&nbsp;&nbsp;DL_Timer_setClockConfig
</UL>
<BR>[Called By]<UL><LI><a href="#[4e]">&gt;&gt;</a>&nbsp;&nbsp;&nbsp;SYSCFG_DL_init
</UL>

<P><STRONG><a name="[41]"></a>SYSCFG_DL_QEI_0_init</STRONG> (Thumb, 52 bytes, Stack size 8 bytes, ti_msp_dl_config.o(.text.SYSCFG_DL_QEI_0_init))
<BR><BR>[Stack]<UL><LI>Max Depth = 16<LI>Call Chain = SYSCFG_DL_QEI_0_init &rArr; DL_Timer_setClockConfig
</UL>
<BR>[Calls]<UL><LI><a href="#[3c]">&gt;&gt;</a>&nbsp;&nbsp;&nbsp;DL_Timer_setClockConfig
</UL>
<BR>[Called By]<UL><LI><a href="#[4e]">&gt;&gt;</a>&nbsp;&nbsp;&nbsp;SYSCFG_DL_init
</UL>

<P><STRONG><a name="[42]"></a>SYSCFG_DL_SYSCTL_init</STRONG> (Thumb, 112 bytes, Stack size 24 bytes, ti_msp_dl_config.o(.text.SYSCFG_DL_SYSCTL_init))
<BR><BR>[Stack]<UL><LI>Max Depth = 60<LI>Call Chain = SYSCFG_DL_SYSCTL_init &rArr; DL_SYSCTL_configSYSPLL
</UL>
<BR>[Calls]<UL><LI><a href="#[43]">&gt;&gt;</a>&nbsp;&nbsp;&nbsp;DL_SYSCTL_setHFCLKSourceHFXTParams
<LI><a href="#[45]">&gt;&gt;</a>&nbsp;&nbsp;&nbsp;DL_SYSCTL_switchMCLKfromSYSOSCtoHSCLK
<LI><a href="#[44]">&gt;&gt;</a>&nbsp;&nbsp;&nbsp;DL_SYSCTL_configSYSPLL
</UL>
<BR>[Called By]<UL><LI><a href="#[4e]">&gt;&gt;</a>&nbsp;&nbsp;&nbsp;SYSCFG_DL_init
</UL>

<P><STRONG><a name="[51]"></a>SYSCFG_DL_SYSTICK_init</STRONG> (Thumb, 36 bytes, Stack size 0 bytes, ti_msp_dl_config.o(.text.SYSCFG_DL_SYSTICK_init))
<BR><BR>[Called By]<UL><LI><a href="#[4e]">&gt;&gt;</a>&nbsp;&nbsp;&nbsp;SYSCFG_DL_init
</UL>

<P><STRONG><a name="[46]"></a>SYSCFG_DL_UART_0_init</STRONG> (Thumb, 120 bytes, Stack size 8 bytes, ti_msp_dl_config.o(.text.SYSCFG_DL_UART_0_init))
<BR><BR>[Stack]<UL><LI>Max Depth = 24<LI>Call Chain = SYSCFG_DL_UART_0_init &rArr; DL_UART_init
</UL>
<BR>[Calls]<UL><LI><a href="#[47]">&gt;&gt;</a>&nbsp;&nbsp;&nbsp;DL_UART_setClockConfig
<LI><a href="#[48]">&gt;&gt;</a>&nbsp;&nbsp;&nbsp;DL_UART_init
</UL>
<BR>[Called By]<UL><LI><a href="#[4e]">&gt;&gt;</a>&nbsp;&nbsp;&nbsp;SYSCFG_DL_init
</UL>

<P><STRONG><a name="[49]"></a>SYSCFG_DL_UART_1_init</STRONG> (Thumb, 92 bytes, Stack size 8 bytes, ti_msp_dl_config.o(.text.SYSCFG_DL_UART_1_init))
<BR><BR>[Stack]<UL><LI>Max Depth = 24<LI>Call Chain = SYSCFG_DL_UART_1_init &rArr; DL_UART_init
</UL>
<BR>[Calls]<UL><LI><a href="#[47]">&gt;&gt;</a>&nbsp;&nbsp;&nbsp;DL_UART_setClockConfig
<LI><a href="#[48]">&gt;&gt;</a>&nbsp;&nbsp;&nbsp;DL_UART_init
</UL>
<BR>[Called By]<UL><LI><a href="#[4e]">&gt;&gt;</a>&nbsp;&nbsp;&nbsp;SYSCFG_DL_init
</UL>

<P><STRONG><a name="[4a]"></a>SYSCFG_DL_UART_2_init</STRONG> (Thumb, 88 bytes, Stack size 8 bytes, ti_msp_dl_config.o(.text.SYSCFG_DL_UART_2_init))
<BR><BR>[Stack]<UL><LI>Max Depth = 24<LI>Call Chain = SYSCFG_DL_UART_2_init &rArr; DL_UART_init
</UL>
<BR>[Calls]<UL><LI><a href="#[47]">&gt;&gt;</a>&nbsp;&nbsp;&nbsp;DL_UART_setClockConfig
<LI><a href="#[48]">&gt;&gt;</a>&nbsp;&nbsp;&nbsp;DL_UART_init
</UL>
<BR>[Called By]<UL><LI><a href="#[4e]">&gt;&gt;</a>&nbsp;&nbsp;&nbsp;SYSCFG_DL_init
</UL>

<P><STRONG><a name="[4b]"></a>SYSCFG_DL_UART_3_init</STRONG> (Thumb, 92 bytes, Stack size 8 bytes, ti_msp_dl_config.o(.text.SYSCFG_DL_UART_3_init))
<BR><BR>[Stack]<UL><LI>Max Depth = 24<LI>Call Chain = SYSCFG_DL_UART_3_init &rArr; DL_UART_init
</UL>
<BR>[Calls]<UL><LI><a href="#[47]">&gt;&gt;</a>&nbsp;&nbsp;&nbsp;DL_UART_setClockConfig
<LI><a href="#[48]">&gt;&gt;</a>&nbsp;&nbsp;&nbsp;DL_UART_init
</UL>
<BR>[Called By]<UL><LI><a href="#[4e]">&gt;&gt;</a>&nbsp;&nbsp;&nbsp;SYSCFG_DL_init
</UL>

<P><STRONG><a name="[4c]"></a>SYSCFG_DL_encoder_init</STRONG> (Thumb, 36 bytes, Stack size 8 bytes, ti_msp_dl_config.o(.text.SYSCFG_DL_encoder_init))
<BR><BR>[Stack]<UL><LI>Max Depth = 24<LI>Call Chain = SYSCFG_DL_encoder_init &rArr; DL_Timer_initTimerMode
</UL>
<BR>[Calls]<UL><LI><a href="#[4d]">&gt;&gt;</a>&nbsp;&nbsp;&nbsp;DL_Timer_initTimerMode
<LI><a href="#[3c]">&gt;&gt;</a>&nbsp;&nbsp;&nbsp;DL_Timer_setClockConfig
</UL>
<BR>[Called By]<UL><LI><a href="#[4e]">&gt;&gt;</a>&nbsp;&nbsp;&nbsp;SYSCFG_DL_init
</UL>

<P><STRONG><a name="[4e]"></a>SYSCFG_DL_init</STRONG> (Thumb, 72 bytes, Stack size 8 bytes, ti_msp_dl_config.o(.text.SYSCFG_DL_init))
<BR><BR>[Stack]<UL><LI>Max Depth = 68<LI>Call Chain = SYSCFG_DL_init &rArr; SYSCFG_DL_SYSCTL_init &rArr; DL_SYSCTL_configSYSPLL
</UL>
<BR>[Calls]<UL><LI><a href="#[51]">&gt;&gt;</a>&nbsp;&nbsp;&nbsp;SYSCFG_DL_SYSTICK_init
<LI><a href="#[39]">&gt;&gt;</a>&nbsp;&nbsp;&nbsp;SYSCFG_DL_ADC12_0_init
<LI><a href="#[4b]">&gt;&gt;</a>&nbsp;&nbsp;&nbsp;SYSCFG_DL_UART_3_init
<LI><a href="#[4a]">&gt;&gt;</a>&nbsp;&nbsp;&nbsp;SYSCFG_DL_UART_2_init
<LI><a href="#[49]">&gt;&gt;</a>&nbsp;&nbsp;&nbsp;SYSCFG_DL_UART_1_init
<LI><a href="#[46]">&gt;&gt;</a>&nbsp;&nbsp;&nbsp;SYSCFG_DL_UART_0_init
<LI><a href="#[4c]">&gt;&gt;</a>&nbsp;&nbsp;&nbsp;SYSCFG_DL_encoder_init
<LI><a href="#[41]">&gt;&gt;</a>&nbsp;&nbsp;&nbsp;SYSCFG_DL_QEI_0_init
<LI><a href="#[3b]">&gt;&gt;</a>&nbsp;&nbsp;&nbsp;SYSCFG_DL_PWM_l_init
<LI><a href="#[42]">&gt;&gt;</a>&nbsp;&nbsp;&nbsp;SYSCFG_DL_SYSCTL_init
<LI><a href="#[50]">&gt;&gt;</a>&nbsp;&nbsp;&nbsp;SYSCFG_DL_GPIO_init
<LI><a href="#[4f]">&gt;&gt;</a>&nbsp;&nbsp;&nbsp;SYSCFG_DL_initPower
</UL>
<BR>[Called By]<UL><LI><a href="#[23]">&gt;&gt;</a>&nbsp;&nbsp;&nbsp;main
</UL>

<P><STRONG><a name="[4f]"></a>SYSCFG_DL_initPower</STRONG> (Thumb, 88 bytes, Stack size 24 bytes, ti_msp_dl_config.o(.text.SYSCFG_DL_initPower))
<BR><BR>[Stack]<UL><LI>Max Depth = 24<LI>Call Chain = SYSCFG_DL_initPower
</UL>
<BR>[Calls]<UL><LI><a href="#[52]">&gt;&gt;</a>&nbsp;&nbsp;&nbsp;DL_Common_delayCycles
</UL>
<BR>[Called By]<UL><LI><a href="#[4e]">&gt;&gt;</a>&nbsp;&nbsp;&nbsp;SYSCFG_DL_init
</UL>

<P><STRONG><a name="[a]"></a>SysTick_Handler</STRONG> (Thumb, 68 bytes, Stack size 8 bytes, delay.o(.text.SysTick_Handler))
<BR><BR>[Stack]<UL><LI>Max Depth = 48<LI>Call Chain = SysTick_Handler &rArr; key_detect
</UL>
<BR>[Calls]<UL><LI><a href="#[53]">&gt;&gt;</a>&nbsp;&nbsp;&nbsp;key_detect
<LI><a href="#[54]">&gt;&gt;</a>&nbsp;&nbsp;&nbsp;set_gloab_speed
</UL>
<BR>[Address Reference Count : 1]<UL><LI> startup_mspm0g350x_uvision.o(RESET)
</UL>
<P><STRONG><a name="[1a]"></a>TIMA0_IRQHandler</STRONG> (Thumb, 320 bytes, Stack size 24 bytes, motor.o(.text.TIMA0_IRQHandler))
<BR><BR>[Stack]<UL><LI>Max Depth = 92<LI>Call Chain = TIMA0_IRQHandler &rArr; pid_control &rArr; __aeabi_fadd &rArr; _float_epilogue
</UL>
<BR>[Calls]<UL><LI><a href="#[5a]">&gt;&gt;</a>&nbsp;&nbsp;&nbsp;__aeabi_f2iz
<LI><a href="#[57]">&gt;&gt;</a>&nbsp;&nbsp;&nbsp;scale_val
<LI><a href="#[56]">&gt;&gt;</a>&nbsp;&nbsp;&nbsp;get_no_mcu_scale_data
<LI><a href="#[31]">&gt;&gt;</a>&nbsp;&nbsp;&nbsp;__aeabi_fdiv
<LI><a href="#[32]">&gt;&gt;</a>&nbsp;&nbsp;&nbsp;__aeabi_i2f
<LI><a href="#[55]">&gt;&gt;</a>&nbsp;&nbsp;&nbsp;__aeabi_fmul
<LI><a href="#[2c]">&gt;&gt;</a>&nbsp;&nbsp;&nbsp;__aeabi_fadd
<LI><a href="#[2f]">&gt;&gt;</a>&nbsp;&nbsp;&nbsp;__aeabi_fsub
<LI><a href="#[58]">&gt;&gt;</a>&nbsp;&nbsp;&nbsp;pid_control
<LI><a href="#[59]">&gt;&gt;</a>&nbsp;&nbsp;&nbsp;uart2_send
</UL>
<BR>[Address Reference Count : 1]<UL><LI> startup_mspm0g350x_uvision.o(RESET)
</UL>
<P><STRONG><a name="[17]"></a>UART0_IRQHandler</STRONG> (Thumb, 40 bytes, Stack size 0 bytes, uart.o(.text.UART0_IRQHandler))
<BR>[Address Reference Count : 1]<UL><LI> startup_mspm0g350x_uvision.o(RESET)
</UL>
<P><STRONG><a name="[15]"></a>UART1_IRQHandler</STRONG> (Thumb, 40 bytes, Stack size 0 bytes, uart.o(.text.UART1_IRQHandler))
<BR>[Address Reference Count : 1]<UL><LI> startup_mspm0g350x_uvision.o(RESET)
</UL>
<P><STRONG><a name="[5b]"></a>UART_process</STRONG> (Thumb, 60 bytes, Stack size 16 bytes, uart.o(.text.UART_process))
<BR><BR>[Stack]<UL><LI>Max Depth = 56<LI>Call Chain = UART_process &rArr; execute_cmd
</UL>
<BR>[Calls]<UL><LI><a href="#[5c]">&gt;&gt;</a>&nbsp;&nbsp;&nbsp;execute_cmd
</UL>
<BR>[Called By]<UL><LI><a href="#[23]">&gt;&gt;</a>&nbsp;&nbsp;&nbsp;main
</UL>

<P><STRONG><a name="[0]"></a>_l_power</STRONG> (Thumb, 56 bytes, Stack size 8 bytes, motor.o(.text._l_power))
<BR><BR>[Stack]<UL><LI>Max Depth = 8<LI>Call Chain = _l_power
</UL>
<BR>[Calls]<UL><LI><a href="#[40]">&gt;&gt;</a>&nbsp;&nbsp;&nbsp;DL_Timer_setCaptureCompareValue
</UL>
<BR>[Address Reference Count : 1]<UL><LI> motor.o(.data.car_instance)
</UL>
<P><STRONG><a name="[1]"></a>_r_power</STRONG> (Thumb, 56 bytes, Stack size 8 bytes, motor.o(.text._r_power))
<BR><BR>[Stack]<UL><LI>Max Depth = 8<LI>Call Chain = _r_power
</UL>
<BR>[Calls]<UL><LI><a href="#[40]">&gt;&gt;</a>&nbsp;&nbsp;&nbsp;DL_Timer_setCaptureCompareValue
</UL>
<BR>[Address Reference Count : 1]<UL><LI> motor.o(.data.car_instance)
</UL>
<P><STRONG><a name="[38]"></a>delay_ms</STRONG> (Thumb, 44 bytes, Stack size 16 bytes, delay.o(.text.delay_ms))
<BR><BR>[Stack]<UL><LI>Max Depth = 16<LI>Call Chain = delay_ms
</UL>
<BR>[Called By]<UL><LI><a href="#[37]">&gt;&gt;</a>&nbsp;&nbsp;&nbsp;Lcd_Init
</UL>

<P><STRONG><a name="[5c]"></a>execute_cmd</STRONG> (Thumb, 220 bytes, Stack size 40 bytes, hash_cmd.o(.text.execute_cmd))
<BR><BR>[Stack]<UL><LI>Max Depth = 40<LI>Call Chain = execute_cmd
</UL>
<BR>[Called By]<UL><LI><a href="#[5b]">&gt;&gt;</a>&nbsp;&nbsp;&nbsp;UART_process
</UL>

<P><STRONG><a name="[70]"></a>fputc</STRONG> (Thumb, 16 bytes, Stack size 0 bytes, uart.o(.text.fputc))
<BR><BR>[Called By]<UL><LI><a href="#[5d]">&gt;&gt;</a>&nbsp;&nbsp;&nbsp;puts
</UL>

<P><STRONG><a name="[5f]"></a>get_key_event</STRONG> (Thumb, 48 bytes, Stack size 16 bytes, lqx_btns.o(.text.get_key_event))
<BR><BR>[Stack]<UL><LI>Max Depth = 16<LI>Call Chain = get_key_event
</UL>
<BR>[Called By]<UL><LI><a href="#[5e]">&gt;&gt;</a>&nbsp;&nbsp;&nbsp;hmi_task
</UL>

<P><STRONG><a name="[56]"></a>get_no_mcu_scale_data</STRONG> (Thumb, 164 bytes, Stack size 36 bytes, gray_scale_sensor.o(.text.get_no_mcu_scale_data))
<BR><BR>[Stack]<UL><LI>Max Depth = 36<LI>Call Chain = get_no_mcu_scale_data
</UL>
<BR>[Called By]<UL><LI><a href="#[1a]">&gt;&gt;</a>&nbsp;&nbsp;&nbsp;TIMA0_IRQHandler
</UL>

<P><STRONG><a name="[5e]"></a>hmi_task</STRONG> (Thumb, 372 bytes, Stack size 64 bytes, hmi.o(.text.hmi_task))
<BR><BR>[Stack]<UL><LI>Max Depth = 188<LI>Call Chain = hmi_task &rArr; Gui_DrawFont_GBK16 &rArr; Gui_DrawPoint &rArr; Lcd_SetRegion
</UL>
<BR>[Calls]<UL><LI><a href="#[34]">&gt;&gt;</a>&nbsp;&nbsp;&nbsp;Gui_DrawFont_GBK16
<LI><a href="#[5f]">&gt;&gt;</a>&nbsp;&nbsp;&nbsp;get_key_event
<LI><a href="#[59]">&gt;&gt;</a>&nbsp;&nbsp;&nbsp;uart2_send
<LI><a href="#[54]">&gt;&gt;</a>&nbsp;&nbsp;&nbsp;set_gloab_speed
<LI><a href="#[60]">&gt;&gt;</a>&nbsp;&nbsp;&nbsp;__2sprintf
</UL>
<BR>[Called By]<UL><LI><a href="#[23]">&gt;&gt;</a>&nbsp;&nbsp;&nbsp;main
</UL>

<P><STRONG><a name="[63]"></a>is_key_pressed</STRONG> (Thumb, 26 bytes, Stack size 0 bytes, lqx_btns_port.o(.text.is_key_pressed))
<BR><BR>[Called By]<UL><LI><a href="#[53]">&gt;&gt;</a>&nbsp;&nbsp;&nbsp;key_detect
</UL>

<P><STRONG><a name="[53]"></a>key_detect</STRONG> (Thumb, 724 bytes, Stack size 40 bytes, lqx_btns.o(.text.key_detect))
<BR><BR>[Stack]<UL><LI>Max Depth = 40<LI>Call Chain = key_detect
</UL>
<BR>[Calls]<UL><LI><a href="#[64]">&gt;&gt;</a>&nbsp;&nbsp;&nbsp;key_get_func
<LI><a href="#[63]">&gt;&gt;</a>&nbsp;&nbsp;&nbsp;is_key_pressed
<LI><a href="#[62]">&gt;&gt;</a>&nbsp;&nbsp;&nbsp;key_get_unit
<LI><a href="#[61]">&gt;&gt;</a>&nbsp;&nbsp;&nbsp;key_get_unit_num
</UL>
<BR>[Called By]<UL><LI><a href="#[a]">&gt;&gt;</a>&nbsp;&nbsp;&nbsp;SysTick_Handler
</UL>

<P><STRONG><a name="[64]"></a>key_get_func</STRONG> (Thumb, 4 bytes, Stack size 0 bytes, lqx_btns_port.o(.text.key_get_func))
<BR><BR>[Called By]<UL><LI><a href="#[53]">&gt;&gt;</a>&nbsp;&nbsp;&nbsp;key_detect
</UL>

<P><STRONG><a name="[62]"></a>key_get_unit</STRONG> (Thumb, 4 bytes, Stack size 0 bytes, lqx_btns_port.o(.text.key_get_unit))
<BR><BR>[Called By]<UL><LI><a href="#[53]">&gt;&gt;</a>&nbsp;&nbsp;&nbsp;key_detect
</UL>

<P><STRONG><a name="[61]"></a>key_get_unit_num</STRONG> (Thumb, 4 bytes, Stack size 0 bytes, lqx_btns_port.o(.text.key_get_unit_num))
<BR><BR>[Called By]<UL><LI><a href="#[53]">&gt;&gt;</a>&nbsp;&nbsp;&nbsp;key_detect
</UL>

<P><STRONG><a name="[66]"></a>key_init</STRONG> (Thumb, 8 bytes, Stack size 0 bytes, lqx_btns.o(.text.key_init))
<BR><BR>[Called By]<UL><LI><a href="#[23]">&gt;&gt;</a>&nbsp;&nbsp;&nbsp;main
</UL>

<P><STRONG><a name="[23]"></a>main</STRONG> (Thumb, 80 bytes, Stack size 0 bytes, main.o(.text.main))
<BR><BR>[Stack]<UL><LI>Max Depth = 188<LI>Call Chain = main &rArr; hmi_task &rArr; Gui_DrawFont_GBK16 &rArr; Gui_DrawPoint &rArr; Lcd_SetRegion
</UL>
<BR>[Calls]<UL><LI><a href="#[5e]">&gt;&gt;</a>&nbsp;&nbsp;&nbsp;hmi_task
<LI><a href="#[5b]">&gt;&gt;</a>&nbsp;&nbsp;&nbsp;UART_process
<LI><a href="#[54]">&gt;&gt;</a>&nbsp;&nbsp;&nbsp;set_gloab_speed
<LI><a href="#[66]">&gt;&gt;</a>&nbsp;&nbsp;&nbsp;key_init
<LI><a href="#[37]">&gt;&gt;</a>&nbsp;&nbsp;&nbsp;Lcd_Init
<LI><a href="#[65]">&gt;&gt;</a>&nbsp;&nbsp;&nbsp;mine_uart_init
<LI><a href="#[4e]">&gt;&gt;</a>&nbsp;&nbsp;&nbsp;SYSCFG_DL_init
</UL>
<BR>[Address Reference Count : 1]<UL><LI> entry9a.o(.ARM.Collect$$$$0000000B)
</UL>
<P><STRONG><a name="[65]"></a>mine_uart_init</STRONG> (Thumb, 40 bytes, Stack size 8 bytes, uart.o(.text.mine_uart_init))
<BR><BR>[Stack]<UL><LI>Max Depth = 40<LI>Call Chain = mine_uart_init &rArr; register_cmd
</UL>
<BR>[Calls]<UL><LI><a href="#[67]">&gt;&gt;</a>&nbsp;&nbsp;&nbsp;register_cmd
</UL>
<BR>[Called By]<UL><LI><a href="#[23]">&gt;&gt;</a>&nbsp;&nbsp;&nbsp;main
</UL>

<P><STRONG><a name="[58]"></a>pid_control</STRONG> (Thumb, 528 bytes, Stack size 32 bytes, pid_ctrl.o(.text.pid_control))
<BR><BR>[Stack]<UL><LI>Max Depth = 68<LI>Call Chain = pid_control &rArr; __aeabi_fadd &rArr; _float_epilogue
</UL>
<BR>[Calls]<UL><LI><a href="#[6c]">&gt;&gt;</a>&nbsp;&nbsp;&nbsp;__aeabi_fcmpgt
<LI><a href="#[55]">&gt;&gt;</a>&nbsp;&nbsp;&nbsp;__aeabi_fmul
<LI><a href="#[6b]">&gt;&gt;</a>&nbsp;&nbsp;&nbsp;__aeabi_fcmpge
<LI><a href="#[6a]">&gt;&gt;</a>&nbsp;&nbsp;&nbsp;__aeabi_fcmple
<LI><a href="#[2c]">&gt;&gt;</a>&nbsp;&nbsp;&nbsp;__aeabi_fadd
<LI><a href="#[69]">&gt;&gt;</a>&nbsp;&nbsp;&nbsp;__aeabi_fcmpeq
<LI><a href="#[68]">&gt;&gt;</a>&nbsp;&nbsp;&nbsp;__aeabi_fcmplt
<LI><a href="#[2f]">&gt;&gt;</a>&nbsp;&nbsp;&nbsp;__aeabi_fsub
</UL>
<BR>[Called By]<UL><LI><a href="#[1a]">&gt;&gt;</a>&nbsp;&nbsp;&nbsp;TIMA0_IRQHandler
</UL>

<P><STRONG><a name="[67]"></a>register_cmd</STRONG> (Thumb, 208 bytes, Stack size 32 bytes, hash_cmd.o(.text.register_cmd))
<BR><BR>[Stack]<UL><LI>Max Depth = 32<LI>Call Chain = register_cmd
</UL>
<BR>[Called By]<UL><LI><a href="#[65]">&gt;&gt;</a>&nbsp;&nbsp;&nbsp;mine_uart_init
</UL>

<P><STRONG><a name="[57]"></a>scale_val</STRONG> (Thumb, 78 bytes, Stack size 8 bytes, gray_scale_sensor.o(.text.scale_val))
<BR><BR>[Stack]<UL><LI>Max Depth = 8<LI>Call Chain = scale_val
</UL>
<BR>[Called By]<UL><LI><a href="#[1a]">&gt;&gt;</a>&nbsp;&nbsp;&nbsp;TIMA0_IRQHandler
</UL>

<P><STRONG><a name="[54]"></a>set_gloab_speed</STRONG> (Thumb, 16 bytes, Stack size 8 bytes, motor.o(.text.set_gloab_speed))
<BR><BR>[Stack]<UL><LI>Max Depth = 8<LI>Call Chain = set_gloab_speed
</UL>
<BR>[Called By]<UL><LI><a href="#[a]">&gt;&gt;</a>&nbsp;&nbsp;&nbsp;SysTick_Handler
<LI><a href="#[5e]">&gt;&gt;</a>&nbsp;&nbsp;&nbsp;hmi_task
<LI><a href="#[23]">&gt;&gt;</a>&nbsp;&nbsp;&nbsp;main
</UL>

<P><STRONG><a name="[59]"></a>uart2_send</STRONG> (Thumb, 28 bytes, Stack size 8 bytes, uart.o(.text.uart2_send))
<BR><BR>[Stack]<UL><LI>Max Depth = 8<LI>Call Chain = uart2_send
</UL>
<BR>[Called By]<UL><LI><a href="#[1a]">&gt;&gt;</a>&nbsp;&nbsp;&nbsp;TIMA0_IRQHandler
<LI><a href="#[5e]">&gt;&gt;</a>&nbsp;&nbsp;&nbsp;hmi_task
</UL>

<P><STRONG><a name="[6d]"></a>__0sprintf$1</STRONG> (Thumb, 36 bytes, Stack size 24 bytes, printf1.o(i.__0sprintf$1), UNUSED)
<BR><BR>[Calls]<UL><LI><a href="#[28]">&gt;&gt;</a>&nbsp;&nbsp;&nbsp;_sputc
<LI><a href="#[6e]">&gt;&gt;</a>&nbsp;&nbsp;&nbsp;_printf_core
</UL>

<P><STRONG><a name="[7c]"></a>__1sprintf$1</STRONG> (Thumb, 0 bytes, Stack size 24 bytes, printf1.o(i.__0sprintf$1), UNUSED)

<P><STRONG><a name="[60]"></a>__2sprintf</STRONG> (Thumb, 0 bytes, Stack size 24 bytes, printf1.o(i.__0sprintf$1))
<BR><BR>[Stack]<UL><LI>Max Depth = 24<LI>Call Chain = __2sprintf
</UL>
<BR>[Called By]<UL><LI><a href="#[5e]">&gt;&gt;</a>&nbsp;&nbsp;&nbsp;hmi_task
</UL>

<P><STRONG><a name="[7d]"></a>__scatterload_copy</STRONG> (Thumb, 14 bytes, Stack size unknown bytes, handlers.o(i.__scatterload_copy), UNUSED)

<P><STRONG><a name="[7e]"></a>__scatterload_null</STRONG> (Thumb, 2 bytes, Stack size unknown bytes, handlers.o(i.__scatterload_null), UNUSED)

<P><STRONG><a name="[7f]"></a>__scatterload_zeroinit</STRONG> (Thumb, 14 bytes, Stack size unknown bytes, handlers.o(i.__scatterload_zeroinit), UNUSED)

<P><STRONG><a name="[5d]"></a>puts</STRONG> (Thumb, 28 bytes, Stack size 8 bytes, puts.o(i.puts))
<BR><BR>[Stack]<UL><LI>Max Depth = 8<LI>Call Chain = puts
</UL>
<BR>[Calls]<UL><LI><a href="#[70]">&gt;&gt;</a>&nbsp;&nbsp;&nbsp;fputc
</UL>
<BR>[Called By]<UL><LI><a href="#[27]">&gt;&gt;</a>&nbsp;&nbsp;&nbsp;abcd_task
<LI><a href="#[26]">&gt;&gt;</a>&nbsp;&nbsp;&nbsp;conf_task
<LI><a href="#[25]">&gt;&gt;</a>&nbsp;&nbsp;&nbsp;test_task
</UL>
<P>
<H3>
Local Symbols
</H3>
<P><STRONG><a name="[25]"></a>test_task</STRONG> (Thumb, 32 bytes, Stack size 8 bytes, uart.o(.text.test_task))
<BR><BR>[Stack]<UL><LI>Max Depth = 16<LI>Call Chain = test_task &rArr; puts
</UL>
<BR>[Calls]<UL><LI><a href="#[5d]">&gt;&gt;</a>&nbsp;&nbsp;&nbsp;puts
</UL>
<BR>[Address Reference Count : 1]<UL><LI> uart.o(.text.mine_uart_init)
</UL>
<P><STRONG><a name="[26]"></a>conf_task</STRONG> (Thumb, 32 bytes, Stack size 8 bytes, uart.o(.text.conf_task))
<BR><BR>[Stack]<UL><LI>Max Depth = 16<LI>Call Chain = conf_task &rArr; puts
</UL>
<BR>[Calls]<UL><LI><a href="#[5d]">&gt;&gt;</a>&nbsp;&nbsp;&nbsp;puts
</UL>
<BR>[Address Reference Count : 1]<UL><LI> uart.o(.text.mine_uart_init)
</UL>
<P><STRONG><a name="[27]"></a>abcd_task</STRONG> (Thumb, 12 bytes, Stack size 8 bytes, uart.o(.text.abcd_task))
<BR><BR>[Stack]<UL><LI>Max Depth = 16<LI>Call Chain = abcd_task &rArr; puts
</UL>
<BR>[Calls]<UL><LI><a href="#[5d]">&gt;&gt;</a>&nbsp;&nbsp;&nbsp;puts
</UL>
<BR>[Address Reference Count : 1]<UL><LI> uart.o(.text.mine_uart_init)
</UL>
<P><STRONG><a name="[2]"></a>_set_speed</STRONG> (Thumb, 12 bytes, Stack size 0 bytes, motor.o(.text._set_speed))
<BR>[Address Reference Count : 1]<UL><LI> motor.o(.data.car_instance)
</UL>
<P><STRONG><a name="[3]"></a>test0</STRONG> (Thumb, 52 bytes, Stack size 0 bytes, lqx_btns_port.o(.text.test0))
<BR>[Address Reference Count : 1]<UL><LI> lqx_btns_port.o(.data.is_combination_trigger)
</UL>
<P><STRONG><a name="[4]"></a>test1</STRONG> (Thumb, 56 bytes, Stack size 0 bytes, lqx_btns_port.o(.text.test1))
<BR>[Address Reference Count : 1]<UL><LI> lqx_btns_port.o(.data.is_combination_trigger)
</UL>
<P><STRONG><a name="[6e]"></a>_printf_core</STRONG> (Thumb, 332 bytes, Stack size 88 bytes, printf1.o(i._printf_core), UNUSED)
<BR><BR>[Calls]<UL><LI><a href="#[6f]">&gt;&gt;</a>&nbsp;&nbsp;&nbsp;__aeabi_uidivmod
</UL>
<BR>[Called By]<UL><LI><a href="#[6d]">&gt;&gt;</a>&nbsp;&nbsp;&nbsp;__0sprintf$1
</UL>

<P><STRONG><a name="[28]"></a>_sputc</STRONG> (Thumb, 10 bytes, Stack size 0 bytes, printf1.o(i._sputc))
<BR><BR>[Called By]<UL><LI><a href="#[6d]">&gt;&gt;</a>&nbsp;&nbsp;&nbsp;__0sprintf$1
</UL>
<BR>[Address Reference Count : 1]<UL><LI> printf1.o(i.__0sprintf$1)
</UL><P>
<H3>
Undefined Global Symbols
</H3><HR></body></html>
